
plenary found
plenary found
Could not select "test_file.txt" - file not found in workspace
No file in current buffer
Added "test.txt" to selection
Added "test.txt" to selection
Added "current_file.txt" to selection
Added "file1.txt" to selection
Added "file2.txt" to selection
Added "test1.txt" to selection
Added "test2.txt" to selection
No files selected for context generation
No files selected for context generation
Added "test1.txt" to selection
No files selected for context generation
Added "test.txt" to selection
  1: /usr/local/Cellar/neovim/0.11.2/share/nvim/runtime/ftplugin.vim
  2: /usr/local/Cellar/neovim/0.11.2/share/nvim/runtime/indent.vim
  3: ~/Workspaces/prompt-tower-workspace/prompt-tower-nvim/tests/minimal_init.lua
  4: /usr/local/Cellar/neovim/0.11.2/share/nvim/runtime/filetype.lua
  5: /usr/local/Cellar/neovim/0.11.2/share/nvim/runtime/syntax/syntax.vim
  6: /usr/local/Cellar/neovim/0.11.2/share/nvim/runtime/syntax/synload.vim
  7: ~/Workspaces/prompt-tower-workspace/prompt-tower-nvim/plugin/prompt-tower.lua
  8: /usr/local/Cellar/neovim/0.11.2/share/nvim/runtime/plugin/gzip.vim
  9: /usr/local/Cellar/neovim/0.11.2/share/nvim/runtime/plugin/matchit.vim
 10: /usr/local/Cellar/neovim/0.11.2/share/nvim/runtime/pack/dist/opt/matchit/plugin/matchit.vim
 11: /usr/local/Cellar/neovim/0.11.2/share/nvim/runtime/plugin/matchparen.vim
 12: /usr/local/Cellar/neovim/0.11.2/share/nvim/runtime/plugin/netrwPlugin.vim
 13: /usr/local/Cellar/neovim/0.11.2/share/nvim/runtime/plugin/rplugin.vim
Starting...
Could not select "test_file.txt" - file not found in workspace
Added "README.md" to Prompt Tower selection
No file in current buffer
Added "README.md" to selection
Added "README.md" to selection
Removed "README.md" from selection
Added "README.md" to selection
Added "Makefile" to selection
Cleared 2 files from selection
Added "README.md" to selection
Generated context with 1 files and copied to clipboard
No files selected for context generation
Added "README.md" to selection
Generated context with 1 files and copied to clipboard
Error detected while processing command line:Could not read file: /non/existent/file.txt
Added "README.md" to selection
  1: /usr/local/Cellar/neovim/0.11.2/share/nvim/runtime/ftplugin.vim
  2: /usr/local/Cellar/neovim/0.11.2/share/nvim/runtime/indent.vim
  3: ~/Workspaces/prompt-tower-workspace/prompt-tower-nvim/tests/minimal_init.lua
  4: /usr/local/Cellar/neovim/0.11.2/share/nvim/runtime/filetype.lua
  5: /usr/local/Cellar/neovim/0.11.2/share/nvim/runtime/syntax/syntax.vim
  6: /usr/local/Cellar/neovim/0.11.2/share/nvim/runtime/syntax/synload.vim
  7: ~/Workspaces/prompt-tower-workspace/prompt-tower-nvim/plugin/prompt-tower.lua
  8: /usr/local/Cellar/neovim/0.11.2/share/nvim/runtime/plugin/gzip.vim
  9: /usr/local/Cellar/neovim/0.11.2/share/nvim/runtime/plugin/matchit.vim
 10: /usr/local/Cellar/neovim/0.11.2/share/nvim/runtime/pack/dist/opt/matchit/plugin/matchit.vim
 11: /usr/local/Cellar/neovim/0.11.2/share/nvim/runtime/plugin/matchparen.vim
 12: /usr/local/Cellar/neovim/0.11.2/share/nvim/runtime/plugin/netrwPlugin.vim
 13: /usr/local/Cellar/neovim/0.11.2/share/nvim/runtime/plugin/rplugin.vim
Starting...
Could not select "test_file.txt" - file not found in workspace
Added "README.md" to Prompt Tower selection
No file in current buffer
Added "README.md" to selection
Added "README.md" to selection
Removed "README.md" from selection
Added "Makefile" to selection
Added "README.md" to selection
Added "Makefile" to selection
Cleared 2 files from selection
Added "README.md" to selection
Generated context with 1 files and copied to clipboard
No files selected for context generation
Added "README.md" to selection
Generated context with 1 files and copied to clipboard
Error detected while processing command line:Could not read file: /non/existent/file.txt
Added "README.md" to selection
  1: /usr/local/Cellar/neovim/0.11.2/share/nvim/runtime/ftplugin.vim
  2: /usr/local/Cellar/neovim/0.11.2/share/nvim/runtime/indent.vim
  3: ~/Workspaces/prompt-tower-workspace/prompt-tower-nvim/tests/minimal_init.lua
  4: /usr/local/Cellar/neovim/0.11.2/share/nvim/runtime/filetype.lua
  5: /usr/local/Cellar/neovim/0.11.2/share/nvim/runtime/syntax/syntax.vim
  6: /usr/local/Cellar/neovim/0.11.2/share/nvim/runtime/syntax/synload.vim
  7: ~/Workspaces/prompt-tower-workspace/prompt-tower-nvim/plugin/prompt-tower.lua
  8: /usr/local/Cellar/neovim/0.11.2/share/nvim/runtime/plugin/gzip.vim
  9: /usr/local/Cellar/neovim/0.11.2/share/nvim/runtime/plugin/matchit.vim
 10: /usr/local/Cellar/neovim/0.11.2/share/nvim/runtime/pack/dist/opt/matchit/plugin/matchit.vim
 11: /usr/local/Cellar/neovim/0.11.2/share/nvim/runtime/plugin/matchparen.vim
 12: /usr/local/Cellar/neovim/0.11.2/share/nvim/runtime/plugin/netrwPlugin.vim
 13: /usr/local/Cellar/neovim/0.11.2/share/nvim/runtime/plugin/rplugin.vim
Starting...
Could not select "test_file.txt" - file not found in workspace
Added "README.md" to Prompt Tower selection
No file in current buffer
Added "README.md" to selection
Added "README.md" to selection
Removed "README.md" from selection
Added "Makefile" to selection
Added "README.md" to selection
Added "Makefile" to selection
Cleared 2 files from selection
Added "README.md" to selection
Generated context with 1 files and copied to clipboard
No files selected for context generation
Added "README.md" to selection
Generated context with 1 files and copied to clipboard
Error detected while processing command line:Could not read file: /non/existent/file.txt
Added "README.md" to selection
  1: /usr/local/Cellar/neovim/0.11.2/share/nvim/runtime/ftplugin.vim
  2: /usr/local/Cellar/neovim/0.11.2/share/nvim/runtime/indent.vim
  3: ~/Workspaces/prompt-tower-workspace/prompt-tower-nvim/tests/minimal_init.lua
  4: /usr/local/Cellar/neovim/0.11.2/share/nvim/runtime/filetype.lua
  5: /usr/local/Cellar/neovim/0.11.2/share/nvim/runtime/syntax/syntax.vim
  6: /usr/local/Cellar/neovim/0.11.2/share/nvim/runtime/syntax/synload.vim
  7: ~/Workspaces/prompt-tower-workspace/prompt-tower-nvim/plugin/prompt-tower.lua
  8: /usr/local/Cellar/neovim/0.11.2/share/nvim/runtime/plugin/gzip.vim
  9: /usr/local/Cellar/neovim/0.11.2/share/nvim/runtime/plugin/matchit.vim
 10: /usr/local/Cellar/neovim/0.11.2/share/nvim/runtime/pack/dist/opt/matchit/plugin/matchit.vim
 11: /usr/local/Cellar/neovim/0.11.2/share/nvim/runtime/plugin/matchparen.vim
 12: /usr/local/Cellar/neovim/0.11.2/share/nvim/runtime/plugin/netrwPlugin.vim
 13: /usr/local/Cellar/neovim/0.11.2/share/nvim/runtime/plugin/rplugin.vim
Starting...